[21:19:35] [main/INFO] (FabricLoader/GameProvider) Loading Minecraft 26.1 with Fabric Loader 0.18.4
[21:19:35] [main/INFO] (FabricLoader/Mappings) Mappings not present!
[21:19:35] [main/INFO] (FabricLoader) Loading 50 mods:
	- delay_tool_usage 1.0.1+26.1
	- fabric-api 0.145.4+26.1.1
	- fabric-api-base 2.0.3+ece06323b3
	- fabric-api-lookup-api-v1 2.0.10+d5a053b6b3
	- fabric-biome-api-v1 18.0.4+35c80edcb3
	- fabric-block-api-v1 3.0.2+ec56b601b3
	- fabric-block-getter-api-v2 2.0.6+ec56b601b3
	- fabric-client-gametest-api-v1 5.0.14+9c219671b3
	- fabric-command-api-v2 3.0.5+e2bdee78b3
	- fabric-content-registries-v0 11.0.12+d871b99eb3
	- fabric-convention-tags-v2 4.3.2+c37e6e5fb3
	- fabric-crash-report-info-v1 1.0.3+9f78a5a8b3
	- fabric-creative-tab-api-v1 5.0.10+d871b99eb3
	- fabric-data-attachment-api-v1 2.2.3+d602a896b3
	- fabric-data-generation-api-v1 24.0.17+35c80edcb3
	- fabric-debug-api-v1 1.0.1+c792624db3
	- fabric-dimensions-v1 5.1.4+9cbf5da5b3
	- fabric-entity-events-v1 5.0.2+e2bdee78b3
	- fabric-events-interaction-v0 5.1.10+c82f0461b3
	- fabric-game-rule-api-v1 4.0.5+d871b99eb3
	- fabric-gametest-api-v1 4.0.13+00a1fba6b3
	- fabric-item-api-v1 14.1.0+9833182cb3
	- fabric-key-mapping-api-v1 2.0.4+e2bdee78b3
	- fabric-lifecycle-events-v1 4.0.6+a9b9c176b3
	- fabric-loot-api-v3 3.0.11+00a1fba6b3
	- fabric-menu-api-v1 2.0.12+d871b99eb3
	- fabric-message-api-v1 7.0.5+dae8ce3eb3
	- fabric-model-loading-api-v1 8.0.3+c80601bbb3
	- fabric-networking-api-v1 6.3.0+50a808ceb3
	- fabric-object-builder-api-v1 23.0.13+b61fef43b3
	- fabric-particles-v1 5.0.14+b61fef43b3
	- fabric-recipe-api-v1 9.0.13+be4b75aeb3
	- fabric-registry-sync-v0 7.0.12+b61fef43b3
	- fabric-renderer-api-v1 13.0.0+c80601bbb3
	- fabric-renderer-indigo 8.0.2+a6be36efb3
	- fabric-rendering-fluids-v1 6.0.1+d871b99eb3
	- fabric-rendering-v1 23.0.4+c7e428fdb3
	- fabric-resource-conditions-api-v1 6.0.5+00a1fba6b3
	- fabric-resource-loader-v0 3.3.16+4fc5413fb3
	- fabric-resource-loader-v1 2.0.9+d871b99eb3
	- fabric-screen-api-v1 5.0.1+d871b99eb3
	- fabric-serialization-api-v1 2.0.3+11a26f31b3
	- fabric-sound-api-v1 2.0.4+11a26f31b3
	- fabric-tag-api-v1 2.0.9+11a26f31b3
	- fabric-transfer-api-v1 8.0.2+d871b99eb3
	- fabric-transitive-access-wideners-v1 8.0.11+d871b99eb3
	- fabricloader 0.18.4
	- java 25
	- minecraft 26.1
	- mixinextras 0.5.0
[21:19:36] [main/WARN] (FabricLoader/ModRemap) Runtime mod remapping disabled due to no fabric.remapClasspathFile being specified. You may need to update loom.
[21:19:36] [main/INFO] (FabricLoader/Mixin) SpongePowered MIXIN Subsystem Version=0.8.7 Source=file:/C:/Users/jackr/.gradle/caches/modules-2/files-2.1/net.fabricmc/sponge-mixin/0.17.0+mixin.0.8.7/cf31463202f72d03b0ef1e1e38e8ee71b7faaab6/sponge-mixin-0.17.0+mixin.0.8.7.jar Service=Knot/Fabric Env=CLIENT
[21:19:36] [main/WARN] (FabricLoader/Mixin) The requested compatibility level JAVA_25 is higher than the level supported by the active subsystem 'Knot/Fabric' which supports JAVA_22. This is not a supported configuration and instability may occur.
[21:19:36] [main/INFO] (FabricLoader/Mixin) Compatibility level set to JAVA_25
[21:19:37] [main/INFO] (FabricLoader/MixinExtras|Service) Initializing MixinExtras via com.llamalad7.mixinextras.service.MixinExtrasServiceImpl(version=0.5.0).
[21:19:38] [Datafixer Bootstrap/INFO] (Minecraft) 291 Datafixer optimizations took 394 milliseconds
[21:19:44] [Render thread/INFO] (Minecraft) Environment: Environment[sessionHost=https://sessionserver.mojang.com, servicesHost=https://api.minecraftservices.com, profilesHost=https://api.mojang.com, name=PROD]
[21:19:44] [Render thread/INFO] (Minecraft) Setting user: Player180
[21:19:44] [Render thread/INFO] (Indigo) [Indigo] Registering Indigo renderer!
[21:19:45] [Render thread/INFO] (Minecraft) Backend library: LWJGL version 3.4.1-snapshot
[21:19:47] [Download-2/ERROR] (Minecraft) Failed to fetch user properties
com.mojang.authlib.exceptions.InvalidCredentialsException: Status: 401
	at knot//com.mojang.authlib.exceptions.MinecraftClientHttpException.toAuthenticationException(MinecraftClientHttpException.java:59)
	at knot//com.mojang.authlib.yggdrasil.YggdrasilUserApiService.fetchProperties(YggdrasilUserApiService.java:150)
	at knot//net.minecraft.client.Minecraft.lambda$new$1(Minecraft.java:459)
	at java.base/java.util.concurrent.CompletableFuture$AsyncSupply.run(CompletableFuture.java:1789)
	at java.base/java.util.concurrent.ThreadPoolExecutor.runWorker(ThreadPoolExecutor.java:1090)
	at java.base/java.util.concurrent.ThreadPoolExecutor$Worker.run(ThreadPoolExecutor.java:614)
	at java.base/java.lang.Thread.run(Thread.java:1474)
Caused by: com.mojang.authlib.exceptions.MinecraftClientHttpException: Status: 401
	at knot//com.mojang.authlib.minecraft.client.MinecraftClient.readInputStream(MinecraftClient.java:103)
	at knot//com.mojang.authlib.minecraft.client.MinecraftClient.get(MinecraftClient.java:56)
	at knot//com.mojang.authlib.yggdrasil.YggdrasilUserApiService.fetchProperties(YggdrasilUserApiService.java:121)
	... 5 more
[21:19:47] [Render thread/INFO] (Minecraft) Using optional rendering extensions: GL_ARB_buffer_storage, GL_KHR_debug, GL_ARB_vertex_attrib_binding, GL_ARB_direct_state_access, GL_EXT_texture_filter_anisotropic
[21:19:48] [Render thread/INFO] (Minecraft) Reloading ResourceManager: vanilla, delay_tool_usage, fabric-api, fabric-api-base, fabric-api-lookup-api-v1, fabric-biome-api-v1, fabric-block-api-v1, fabric-block-getter-api-v2, fabric-client-gametest-api-v1, fabric-command-api-v2, fabric-content-registries-v0, fabric-convention-tags-v2, fabric-crash-report-info-v1, fabric-creative-tab-api-v1, fabric-data-attachment-api-v1, fabric-data-generation-api-v1, fabric-debug-api-v1, fabric-dimensions-v1, fabric-entity-events-v1, fabric-events-interaction-v0, fabric-game-rule-api-v1, fabric-gametest-api-v1, fabric-item-api-v1, fabric-key-mapping-api-v1, fabric-lifecycle-events-v1, fabric-loot-api-v3, fabric-menu-api-v1, fabric-message-api-v1, fabric-model-loading-api-v1, fabric-networking-api-v1, fabric-object-builder-api-v1, fabric-particles-v1, fabric-recipe-api-v1, fabric-registry-sync-v0, fabric-renderer-api-v1, fabric-renderer-indigo, fabric-rendering-fluids-v1, fabric-rendering-v1, fabric-resource-conditions-api-v1, fabric-resource-loader-v0, fabric-resource-loader-v1, fabric-screen-api-v1, fabric-serialization-api-v1, fabric-sound-api-v1, fabric-tag-api-v1, fabric-transfer-api-v1, fabric-transitive-access-wideners-v1, fabricloader
[21:19:48] [Worker-Main-7/INFO] (Minecraft) Found unifont_all_no_pua-17.0.01.hex, loading
[21:19:48] [Worker-Main-20/INFO] (Minecraft) Found unifont_pua-17.0.01.hex, loading
[21:19:48] [Worker-Main-22/INFO] (Minecraft) Found unifont_jp_patch-17.0.01.hex, loading
[21:19:49] [Render thread/WARN] (Minecraft) Missing sound for event: great_big_world:item.pickaxe.crack
[21:19:50] [Render thread/INFO] (Minecraft) OpenAL initialized on device OpenAL Soft on Speakers (Realtek(R) Audio)
[21:19:50] [Render thread/INFO] (Minecraft) Sound engine started
[21:19:50] [Render thread/INFO] (Minecraft) Created: 512x256x0 minecraft:textures/atlas/particles.png-atlas
[21:19:50] [Render thread/INFO] (Minecraft) Created: 128x128x0 minecraft:textures/atlas/decorated_pot.png-atlas
[21:19:50] [Render thread/INFO] (Minecraft) Created: 2048x1024x0 minecraft:textures/atlas/armor_trims.png-atlas
[21:19:50] [Render thread/INFO] (Minecraft) Created: 512x256x0 minecraft:textures/atlas/paintings.png-atlas
[21:19:50] [Render thread/INFO] (Minecraft) Created: 1024x512x0 minecraft:textures/atlas/shield_patterns.png-atlas
[21:19:50] [Render thread/INFO] (Minecraft) Created: 2048x2048x4 minecraft:textures/atlas/blocks.png-atlas
[21:19:50] [Render thread/INFO] (Minecraft) Created: 512x512x0 minecraft:textures/atlas/chest.png-atlas
[21:19:50] [Render thread/INFO] (Minecraft) Created: 256x128x0 minecraft:textures/atlas/celestials.png-atlas
[21:19:50] [Render thread/INFO] (Minecraft) Created: 1024x512x0 minecraft:textures/atlas/banner_patterns.png-atlas
[21:19:50] [Render thread/INFO] (Minecraft) Created: 512x512x0 minecraft:textures/atlas/beds.png-atlas
[21:19:50] [Render thread/INFO] (Minecraft) Created: 1024x512x0 minecraft:textures/atlas/items.png-atlas
[21:19:50] [Download-2/INFO] (Minecraft) Could not authorize you against Realms server: java.lang.RuntimeException: Failed to parse into SignedJWT: FabricMC
[21:19:50] [Download-2/ERROR] (Minecraft) Failed to fetch Realms feature flags
com.mojang.realmsclient.exception.RealmsServiceException: Realms authentication error with message 'java.lang.RuntimeException: Failed to parse into SignedJWT: FabricMC'
	at knot//com.mojang.realmsclient.client.RealmsClient.execute(RealmsClient.java:526)
	at knot//com.mojang.realmsclient.client.RealmsClient.fetchFeatureFlags(RealmsClient.java:186)
	at java.base/java.util.concurrent.CompletableFuture$AsyncSupply.run(CompletableFuture.java:1789)
	at java.base/java.util.concurrent.ThreadPoolExecutor.runWorker(ThreadPoolExecutor.java:1090)
	at java.base/java.util.concurrent.ThreadPoolExecutor$Worker.run(ThreadPoolExecutor.java:614)
	at java.base/java.lang.Thread.run(Thread.java:1474)
[21:19:50] [Render thread/INFO] (Minecraft) Created: 1024x1024x0 minecraft:textures/atlas/gui.png-atlas
[21:19:50] [Render thread/INFO] (Minecraft) Created: 128x64x0 minecraft:textures/atlas/map_decorations.png-atlas
[21:19:50] [Render thread/INFO] (Minecraft) Created: 512x256x0 minecraft:textures/atlas/signs.png-atlas
[21:19:50] [Render thread/INFO] (Minecraft) Created: 512x512x0 minecraft:textures/atlas/shulker_boxes.png-atlas
[21:19:51] [IO-Worker-1/INFO] (Minecraft) Could not authorize you against Realms server: java.lang.RuntimeException: Failed to parse into SignedJWT: FabricMC
[21:19:51] [IO-Worker-1/ERROR] (Minecraft) Couldn't connect to realms
com.mojang.realmsclient.exception.RealmsServiceException: Realms authentication error with message 'java.lang.RuntimeException: Failed to parse into SignedJWT: FabricMC'
	at knot//com.mojang.realmsclient.client.RealmsClient.execute(RealmsClient.java:526)
	at knot//com.mojang.realmsclient.client.RealmsClient.clientCompatible(RealmsClient.java:307)
	at knot//com.mojang.realmsclient.RealmsAvailability.lambda$check$0(RealmsAvailability.java:48)
	at java.base/java.util.concurrent.CompletableFuture$AsyncSupply.run(CompletableFuture.java:1789)
	at java.base/java.util.concurrent.ThreadPoolExecutor.runWorker(ThreadPoolExecutor.java:1090)
	at java.base/java.util.concurrent.ThreadPoolExecutor$Worker.run(ThreadPoolExecutor.java:614)
	at java.base/java.lang.Thread.run(Thread.java:1474)
[21:19:57] [Yggdrasil Key Fetcher/ERROR] (Minecraft) Failed to request yggdrasil public key
com.mojang.authlib.exceptions.MinecraftClientException: Failed to read from https://api.minecraftservices.com/publickeys due to Read timed out
	at knot//com.mojang.authlib.minecraft.client.MinecraftClient.readInputStream(MinecraftClient.java:111)
	at knot//com.mojang.authlib.minecraft.client.MinecraftClient.get(MinecraftClient.java:56)
	at knot//com.mojang.authlib.yggdrasil.YggdrasilServicesKeyInfo.fetch(YggdrasilServicesKeyInfo.java:114)
	at knot//com.mojang.authlib.yggdrasil.YggdrasilServicesKeyInfo$1.run(YggdrasilServicesKeyInfo.java:89)
	at java.base/java.util.concurrent.Executors$RunnableAdapter.call(Executors.java:545)
	at java.base/java.util.concurrent.FutureTask.run(FutureTask.java:328)
	at java.base/java.util.concurrent.ScheduledThreadPoolExecutor$ScheduledFutureTask.run(ScheduledThreadPoolExecutor.java:309)
	at java.base/java.util.concurrent.ThreadPoolExecutor.runWorker(ThreadPoolExecutor.java:1090)
	at java.base/java.util.concurrent.ThreadPoolExecutor$Worker.run(ThreadPoolExecutor.java:614)
	at java.base/java.lang.Thread.run(Thread.java:1474)
Caused by: java.net.SocketTimeoutException: Read timed out
	at java.base/sun.nio.ch.NioSocketImpl.timedRead(NioSocketImpl.java:277)
	at java.base/sun.nio.ch.NioSocketImpl.implRead(NioSocketImpl.java:302)
	at java.base/sun.nio.ch.NioSocketImpl.read(NioSocketImpl.java:354)
	at java.base/sun.nio.ch.NioSocketImpl$1.read(NioSocketImpl.java:798)
	at java.base/java.net.Socket$SocketInputStream.implRead(Socket.java:974)
	at java.base/java.net.Socket$SocketInputStream.read(Socket.java:964)
	at java.base/sun.security.ssl.SSLSocketInputRecord.read(SSLSocketInputRecord.java:489)
	at java.base/sun.security.ssl.SSLSocketInputRecord.readFully(SSLSocketInputRecord.java:472)
	at java.base/sun.security.ssl.SSLSocketInputRecord.decodeInputRecord(SSLSocketInputRecord.java:243)
	at java.base/sun.security.ssl.SSLSocketInputRecord.decode(SSLSocketInputRecord.java:181)
	at java.base/sun.security.ssl.SSLTransport.decode(SSLTransport.java:111)
	at java.base/sun.security.ssl.SSLSocketImpl.decode(SSLSocketImpl.java:1506)
	at java.base/sun.security.ssl.SSLSocketImpl.readHandshakeRecord(SSLSocketImpl.java:1421)
	at java.base/sun.security.ssl.SSLSocketImpl.startHandshake(SSLSocketImpl.java:455)
	at java.base/sun.security.ssl.SSLSocketImpl.startHandshake(SSLSocketImpl.java:426)
	at java.base/sun.net.www.protocol.https.HttpsClient.afterConnect(HttpsClient.java:483)
	at java.base/sun.net.www.protocol.https.AbstractDelegateHttpsURLConnection.connect(AbstractDelegateHttpsURLConnection.java:187)
	at java.base/sun.net.www.protocol.http.HttpURLConnection.getInputStream0(HttpURLConnection.java:1377)
	at java.base/sun.net.www.protocol.http.HttpURLConnection.getInputStream(HttpURLConnection.java:1302)
	at java.base/java.net.HttpURLConnection.getResponseCode(HttpURLConnection.java:493)
	at java.base/sun.net.www.protocol.https.HttpsURLConnectionImpl.getResponseCode(HttpsURLConnectionImpl.java:307)
	at knot//com.mojang.authlib.minecraft.client.MinecraftClient.readInputStream(MinecraftClient.java:82)
	... 9 more
[21:20:04] [Render thread/INFO] (Minecraft) Loaded 1515 recipes
[21:20:04] [Render thread/INFO] (Minecraft) Loaded 1617 advancements
[21:20:06] [Render thread/INFO] (BiomeModificationImpl) Applied 0 biome modifications to 0 of 65 new biomes in 1.455 ms
[21:20:06] [Server thread/INFO] (Minecraft) Starting integrated minecraft server version 26.1
[21:20:06] [Server thread/INFO] (Minecraft) Generating keypair
[21:20:06] [Server thread/INFO] (Minecraft) Selecting global world spawn...
[21:20:08] [Server thread/INFO] (Minecraft) Loading 0 persistent chunks...
[21:20:08] [Server thread/INFO] (Minecraft) Preparing spawn area: 16%
[21:20:08] [Server thread/INFO] (Minecraft) Saving chunks for level 'ServerLevel[New World]'/minecraft:overworld
[21:20:08] [Server thread/INFO] (Minecraft) Saving chunks for level 'ServerLevel[New World]'/minecraft:the_nether
[21:20:08] [Server thread/INFO] (Minecraft) Saving chunks for level 'ServerLevel[New World]'/minecraft:the_end
[21:20:08] [Server thread/INFO] (Minecraft) ThreadedAnvilChunkStorage (world): All chunks are saved
[21:20:08] [Server thread/INFO] (Minecraft) ThreadedAnvilChunkStorage (DIM-1): All chunks are saved
[21:20:08] [Server thread/INFO] (Minecraft) ThreadedAnvilChunkStorage (DIM1): All chunks are saved
[21:20:08] [Server thread/INFO] (Minecraft) ThreadedAnvilChunkStorage: All dimensions are saved
[21:20:10] [Server thread/INFO] (Minecraft) Loading 47 chunks for player spawn...
[21:20:10] [Server thread/INFO] (Minecraft) Preparing spawn area: 16%
[21:20:10] [Server thread/INFO] (Minecraft) Preparing spawn area: 16%
[21:20:10] [Server thread/INFO] (Minecraft) Preparing spawn area: 16%
[21:20:10] [Server thread/INFO] (Minecraft) Preparing spawn area: 16%
[21:20:10] [Server thread/INFO] (Minecraft) Preparing spawn area: 16%
[21:20:10] [Server thread/INFO] (Minecraft) Preparing spawn area: 16%
[21:20:10] [Server thread/INFO] (Minecraft) Preparing spawn area: 29%
[21:20:10] [Server thread/INFO] (Minecraft) Preparing spawn area: 57%
[21:20:11] [Server thread/INFO] (Minecraft) Time elapsed: 4376 ms
[21:20:11] [Server thread/INFO] (Minecraft) Player180[local:E:f24c1a90] logged in with entity id 1 at (-12.5, 64.0, 9.5)
[21:20:11] [Server thread/INFO] (Minecraft) Player180 joined the game
[21:20:11] [Server thread/INFO] (Minecraft) Changing view distance to 16, from 10
[21:20:11] [Render thread/WARN] (Minecraft) Ignoring chat session from Player180 due to missing Services public key
[21:20:11] [Server thread/INFO] (Minecraft) Changing simulation distance to 12, from 0
[21:20:11] [Render thread/INFO] (Minecraft) Loaded 2 advancements
[21:20:11] [Render thread/INFO] (Minecraft) Resizing Dynamic Transforms UBO, capacity limit of 2 reached during a single frame. New capacity will be 4.
[21:20:11] [Render thread/INFO] (Minecraft) Resizing Dynamic Transforms UBO, capacity limit of 4 reached during a single frame. New capacity will be 8.
[21:20:12] [Render thread/INFO] (Minecraft) Resizing Dynamic Transforms UBO, capacity limit of 8 reached during a single frame. New capacity will be 16.
[21:20:12] [Render thread/INFO] (Minecraft) Resizing Chunk Sections UBO, capacity limit of 2 reached during a single frame. New capacity will be 4.
[21:20:12] [Render thread/INFO] (Minecraft) Resizing Chunk Sections UBO, capacity limit of 4 reached during a single frame. New capacity will be 8.
[21:20:12] [Render thread/INFO] (Minecraft) Resizing Chunk Sections UBO, capacity limit of 8 reached during a single frame. New capacity will be 16.
[21:20:12] [Server thread/INFO] (Minecraft) Saving and pausing game...
[21:20:12] [Server thread/INFO] (Minecraft) Saving chunks for level 'ServerLevel[New World]'/minecraft:overworld
[21:20:12] [Server thread/INFO] (Minecraft) Saving chunks for level 'ServerLevel[New World]'/minecraft:the_nether
[21:20:12] [Server thread/INFO] (Minecraft) Saving chunks for level 'ServerLevel[New World]'/minecraft:the_end
[21:20:16] [Render thread/INFO] (Minecraft) Resizing Chunk Sections UBO, capacity limit of 16 reached during a single frame. New capacity will be 32.
[21:20:16] [Render thread/INFO] (Minecraft) Resizing Chunk Sections UBO, capacity limit of 32 reached during a single frame. New capacity will be 64.
[21:20:16] [Render thread/INFO] (Minecraft) Resizing Chunk Sections UBO, capacity limit of 64 reached during a single frame. New capacity will be 128.
[21:20:20] [Render thread/INFO] (Minecraft) Resizing Chunk Sections UBO, capacity limit of 128 reached during a single frame. New capacity will be 256.
[21:20:24] [Render thread/INFO] (Minecraft) Resizing Chunk Sections UBO, capacity limit of 256 reached during a single frame. New capacity will be 512.
[21:20:32] [Server thread/INFO] (Minecraft) Saving and pausing game...
[21:20:32] [Server thread/INFO] (Minecraft) Saving chunks for level 'ServerLevel[New World]'/minecraft:overworld
[21:20:32] [Server thread/INFO] (Minecraft) Saving chunks for level 'ServerLevel[New World]'/minecraft:the_nether
[21:20:32] [Server thread/INFO] (Minecraft) Saving chunks for level 'ServerLevel[New World]'/minecraft:the_end
[21:20:32] [Server thread/INFO] (Minecraft) Stopping server
[21:20:32] [Server thread/INFO] (Minecraft) Saving players
[21:20:32] [Server thread/INFO] (Minecraft) Player180 lost connection: Disconnected
[21:20:32] [Server thread/INFO] (Minecraft) Player180 left the game
[21:20:32] [Server thread/INFO] (Minecraft) Stopping singleplayer server as player logged out
[21:20:32] [Server thread/INFO] (Minecraft) Saving worlds
[21:20:33] [Server thread/INFO] (Minecraft) Saving chunks for level 'ServerLevel[New World]'/minecraft:overworld
[21:20:35] [Server thread/INFO] (Minecraft) Saving chunks for level 'ServerLevel[New World]'/minecraft:the_nether
[21:20:35] [Server thread/INFO] (Minecraft) Saving chunks for level 'ServerLevel[New World]'/minecraft:the_end
[21:20:35] [Server thread/INFO] (Minecraft) ThreadedAnvilChunkStorage (world): All chunks are saved
[21:20:35] [Server thread/INFO] (Minecraft) ThreadedAnvilChunkStorage (DIM-1): All chunks are saved
[21:20:35] [Server thread/INFO] (Minecraft) ThreadedAnvilChunkStorage (DIM1): All chunks are saved
[21:20:35] [Server thread/INFO] (Minecraft) ThreadedAnvilChunkStorage: All dimensions are saved
[21:20:37] [Render thread/INFO] (Minecraft) Stopping!
